test_authoritative_array_decoder_refuses_hash_shape_dtype_and_hex_drift (test_m245_primary_core.TestM245PrimaryAuthorityAndAPI.test_authoritative_array_decoder_refuses_hash_shape_dtype_and_hex_drift) ... ok
test_authoritative_array_decoder_uses_raw_binary64_not_decimal_repr (test_m245_primary_core.TestM245PrimaryAuthorityAndAPI.test_authoritative_array_decoder_uses_raw_binary64_not_decimal_repr) ... ok
test_authority_checksum_census_and_every_bound_byte_hash (test_m245_primary_core.TestM245PrimaryAuthorityAndAPI.test_authority_checksum_census_and_every_bound_byte_hash) ... ok
test_load_verified_v2_accepts_only_the_bound_hash_and_schema (test_m245_primary_core.TestM245PrimaryAuthorityAndAPI.test_load_verified_v2_accepts_only_the_bound_hash_and_schema) ... ok
test_primary_contains_no_direct_or_aliased_mpmath_quad_call (test_m245_primary_core.TestM245PrimaryAuthorityAndAPI.test_primary_contains_no_direct_or_aliased_mpmath_quad_call) ... ok
test_primary_source_import_firewall_and_independence (test_m245_primary_core.TestM245PrimaryAuthorityAndAPI.test_primary_source_import_firewall_and_independence) ... ok
test_public_surface_and_frozen_constants_are_exact (test_m245_primary_core.TestM245PrimaryAuthorityAndAPI.test_public_surface_and_frozen_constants_are_exact) ... ok
test_v2_is_canonical_and_has_the_exact_frozen_census (test_m245_primary_core.TestM245PrimaryAuthorityAndAPI.test_v2_is_canonical_and_has_the_exact_frozen_census) ... ok
test_analytic_R_G_has_the_full_nine_by_nine_symmetric_census (test_m245_primary_core.TestM245PrimaryExactMath.test_analytic_R_G_has_the_full_nine_by_nine_symmetric_census) ... ok
test_canonical_event_sorts_only_the_unordered_pair (test_m245_primary_core.TestM245PrimaryExactMath.test_canonical_event_sorts_only_the_unordered_pair) ... ok
test_conditional_parameters_are_the_exact_schur_complement (test_m245_primary_core.TestM245PrimaryExactMath.test_conditional_parameters_are_the_exact_schur_complement) ... ok
test_gaussian_interval_moment_recursion_has_explicit_half_normal_factor (test_m245_primary_core.TestM245PrimaryExactMath.test_gaussian_interval_moment_recursion_has_explicit_half_normal_factor) ... ok
test_orthonormal_probabilists_hermites_obey_the_frozen_recurrence (test_m245_primary_core.TestM245PrimaryExactMath.test_orthonormal_probabilists_hermites_obey_the_frozen_recurrence) ... ok
test_outer_panels_are_exact_sorted_union_with_abs_alpha (test_m245_primary_core.TestM245PrimaryExactMath.test_outer_panels_are_exact_sorted_union_with_abs_alpha) ... ok
test_plackett_uses_exactly_sixteen_directed_equal_panels (test_m245_primary_core.TestM245PrimaryExactMath.test_plackett_uses_exactly_sixteen_directed_equal_panels) ... ok
test_primary_b_is_zero_for_the_dummy_independent_pair_at_all_frozen_nodes (test_m245_primary_core.TestM245PrimaryExactMath.test_primary_b_is_zero_for_the_dummy_independent_pair_at_all_frozen_nodes) ... ok
test_primary_b_matches_nonzero_closed_form_for_both_plackett_directions (test_m245_primary_core.TestM245PrimaryExactMath.test_primary_b_matches_nonzero_closed_form_for_both_plackett_directions) ... ok
test_rbar_inactive_branch_tail_cross_and_uq_leading_coefficient_are_exact (test_m245_primary_core.TestM245PrimaryExactMath.test_rbar_inactive_branch_tail_cross_and_uq_leading_coefficient_are_exact) ... ok
test_rbar_is_scale_normalized_exactly (test_m245_primary_core.TestM245PrimaryExactMath.test_rbar_is_scale_normalized_exactly) ... ok
test_curve_domains_refuse_negative_geometric_and_endpoints (test_m245_primary_core.TestM245PrimaryFrozenGates.test_curve_domains_refuse_negative_geometric_and_endpoints) ... ok
test_curve_ladder_exact_transforms_fit_Q0_5_and_hold_out_Q6_8 (test_m245_primary_core.TestM245PrimaryFrozenGates.test_curve_ladder_exact_transforms_fit_Q0_5_and_hold_out_Q6_8) ... ok
test_curve_ladder_falsifies_curvature_and_unrefitted_holdout_miss (test_m245_primary_core.TestM245PrimaryFrozenGates.test_curve_ladder_falsifies_curvature_and_unrefitted_holdout_miss) ... ok
test_energy_ladder_gates_include_bounds_and_monotonicity_on_dummy_data (test_m245_primary_core.TestM245PrimaryFrozenGates.test_energy_ladder_gates_include_bounds_and_monotonicity_on_dummy_data) ... ok
test_ordinary_beta_identity_gate_uses_both_sides_and_nonnegativity (test_m245_primary_core.TestM245PrimaryFrozenGates.test_ordinary_beta_identity_gate_uses_both_sides_and_nonnegativity) ... ok
test_precision_gate_has_the_exact_relative_floor (test_m245_primary_core.TestM245PrimaryFrozenGates.test_precision_gate_has_the_exact_relative_floor) ... ok
test_quadrature_error_gates_use_saved_eps_and_top_level_scale (test_m245_primary_core.TestM245PrimaryFrozenGates.test_quadrature_error_gates_use_saved_eps_and_top_level_scale) ... ok
test_solve_residual_gate_is_exact_and_nonfinite_fails (test_m245_primary_core.TestM245PrimaryFrozenGates.test_solve_residual_gate_is_exact_and_nonfinite_fails) ... ok
test_all_9_R_and_45_upper_G_direct_checks_are_real_and_pass (test_m245_primary_core.TestM245PrimaryResultContract.test_all_9_R_and_45_upper_G_direct_checks_are_real_and_pass) ... ok
test_all_reported_primary_scalars_agree_between_80_and_100_dps (test_m245_primary_core.TestM245PrimaryResultContract.test_all_reported_primary_scalars_agree_between_80_and_100_dps) ... ok
test_every_leading_block_carries_cholesky_solve_energy_and_beta_certificates (test_m245_primary_core.TestM245PrimaryResultContract.test_every_leading_block_carries_cholesky_solve_energy_and_beta_certificates) ... ok
test_primary_result_is_one_event_one_precision_and_json_safe (test_m245_primary_core.TestM245PrimaryResultContract.test_primary_result_is_one_event_one_precision_and_json_safe) ... ok

----------------------------------------------------------------------
Ran 31 tests in 554.267s

OK
